86217 execve("/home/ecochran76/.local/share/fsearch/runtimes/eda902627bc96e626887b06f69f66bc3c43499e3/bin/fsearch-cli", ["/home/ecochran76/.local/share/fs"..., "--socket", "/tmp/fsearch-monitor-query-owned"..., "--query", "invoice", "--kind", "files"], 0x7fffe754f970 /* 258 vars */) = 0
86217 access("/etc/ld.so.preload", R_OK) = -1 ENOENT (No such file or directory)
86217 openat(AT_FDCWD</tmp/fsearch-publication-20261004>, "/etc/ld.so.cache", O_RDONLY|O_CLOEXEC) = 3</etc/ld.so.cache>
86217 openat(AT_FDCWD</tmp/fsearch-publication-20261004>, "/lib/x86_64-linux-gnu/libm.so.6", O_RDONLY|O_CLOEXEC) = 3</usr/lib/x86_64-linux-gnu/libm.so.6>
86217 openat(AT_FDCWD</tmp/fsearch-publication-20261004>, "/lib/x86_64-linux-gnu/libgio-2.0.so.0", O_RDONLY|O_CLOEXEC) = 3</usr/lib/x86_64-linux-gnu/libgio-2.0.so.0.8000.0>
86217 openat(AT_FDCWD</tmp/fsearch-publication-20261004>, "/lib/x86_64-linux-gnu/libgobject-2.0.so.0", O_RDONLY|O_CLOEXEC) = 3</usr/lib/x86_64-linux-gnu/libgobject-2.0.so.0.8000.0>
86217 openat(AT_FDCWD</tmp/fsearch-publication-20261004>, "/lib/x86_64-linux-gnu/libglib-2.0.so.0", O_RDONLY|O_CLOEXEC) = 3</usr/lib/x86_64-linux-gnu/libglib-2.0.so.0.8000.0>
86217 openat(AT_FDCWD</tmp/fsearch-publication-20261004>, "/lib/x86_64-linux-gnu/libpango-1.0.so.0", O_RDONLY|O_CLOEXEC) = 3</usr/lib/x86_64-linux-gnu/libpango-1.0.so.0.5200.1>
86217 openat(AT_FDCWD</tmp/fsearch-publication-20261004>, "/lib/x86_64-linux-gnu/libpcre2-8.so.0", O_RDONLY|O_CLOEXEC) = 3</usr/lib/x86_64-linux-gnu/libpcre2-8.so.0.11.2>
86217 openat(AT_FDCWD</tmp/fsearch-publication-20261004>, "/lib/x86_64-linux-gnu/libicuuc.so.74", O_RDONLY|O_CLOEXEC) = 3</usr/lib/x86_64-linux-gnu/libicuuc.so.74.2>
86217 openat(AT_FDCWD</tmp/fsearch-publication-20261004>, "/lib/x86_64-linux-gnu/libc.so.6", O_RDONLY|O_CLOEXEC) = 3</usr/lib/x86_64-linux-gnu/libc.so.6>
86217 openat(AT_FDCWD</tmp/fsearch-publication-20261004>, "/lib/x86_64-linux-gnu/libgmodule-2.0.so.0", O_RDONLY|O_CLOEXEC) = 3</usr/lib/x86_64-linux-gnu/libgmodule-2.0.so.0.8000.0>
86217 openat(AT_FDCWD</tmp/fsearch-publication-20261004>, "/lib/x86_64-linux-gnu/libz.so.1", O_RDONLY|O_CLOEXEC) = 3</usr/lib/x86_64-linux-gnu/libz.so.1.3>
86217 openat(AT_FDCWD</tmp/fsearch-publication-20261004>, "/lib/x86_64-linux-gnu/libmount.so.1", O_RDONLY|O_CLOEXEC) = 3</usr/lib/x86_64-linux-gnu/libmount.so.1.1.0>
86217 openat(AT_FDCWD</tmp/fsearch-publication-20261004>, "/lib/x86_64-linux-gnu/libselinux.so.1", O_RDONLY|O_CLOEXEC) = 3</usr/lib/x86_64-linux-gnu/libselinux.so.1>
86217 openat(AT_FDCWD</tmp/fsearch-publication-20261004>, "/lib/x86_64-linux-gnu/libffi.so.8", O_RDONLY|O_CLOEXEC) = 3</usr/lib/x86_64-linux-gnu/libffi.so.8.1.4>
86217 openat(AT_FDCWD</tmp/fsearch-publication-20261004>, "/lib/x86_64-linux-gnu/libfribidi.so.0", O_RDONLY|O_CLOEXEC) = 3</usr/lib/x86_64-linux-gnu/libfribidi.so.0.4.0>
86217 openat(AT_FDCWD</tmp/fsearch-publication-20261004>, "/lib/x86_64-linux-gnu/libthai.so.0", O_RDONLY|O_CLOEXEC) = 3</usr/lib/x86_64-linux-gnu/libthai.so.0.3.1>
86217 openat(AT_FDCWD</tmp/fsearch-publication-20261004>, "/lib/x86_64-linux-gnu/libharfbuzz.so.0", O_RDONLY|O_CLOEXEC) = 3</usr/lib/x86_64-linux-gnu/libharfbuzz.so.0.60830.0>
86217 openat(AT_FDCWD</tmp/fsearch-publication-20261004>, "/lib/x86_64-linux-gnu/libicudata.so.74", O_RDONLY|O_CLOEXEC) = 3</usr/lib/x86_64-linux-gnu/libicudata.so.74.2>
86217 openat(AT_FDCWD</tmp/fsearch-publication-20261004>, "/lib/x86_64-linux-gnu/libstdc++.so.6", O_RDONLY|O_CLOEXEC) = 3</usr/lib/x86_64-linux-gnu/libstdc++.so.6.0.33>
86217 openat(AT_FDCWD</tmp/fsearch-publication-20261004>, "/lib/x86_64-linux-gnu/libgcc_s.so.1", O_RDONLY|O_CLOEXEC) = 3</usr/lib/x86_64-linux-gnu/libgcc_s.so.1>
86217 openat(AT_FDCWD</tmp/fsearch-publication-20261004>, "/lib/x86_64-linux-gnu/libblkid.so.1", O_RDONLY|O_CLOEXEC) = 3</usr/lib/x86_64-linux-gnu/libblkid.so.1.1.0>
86217 openat(AT_FDCWD</tmp/fsearch-publication-20261004>, "/lib/x86_64-linux-gnu/libdatrie.so.1", O_RDONLY|O_CLOEXEC) = 3</usr/lib/x86_64-linux-gnu/libdatrie.so.1.4.0>
86217 openat(AT_FDCWD</tmp/fsearch-publication-20261004>, "/lib/x86_64-linux-gnu/libfreetype.so.6", O_RDONLY|O_CLOEXEC) = 3</usr/lib/x86_64-linux-gnu/libfreetype.so.6.20.1>
86217 openat(AT_FDCWD</tmp/fsearch-publication-20261004>, "/lib/x86_64-linux-gnu/libgraphite2.so.3", O_RDONLY|O_CLOEXEC) = 3</usr/lib/x86_64-linux-gnu/libgraphite2.so.3.2.1>
86217 openat(AT_FDCWD</tmp/fsearch-publication-20261004>, "/lib/x86_64-linux-gnu/libbz2.so.1.0", O_RDONLY|O_CLOEXEC) = 3</usr/lib/x86_64-linux-gnu/libbz2.so.1.0.4>
86217 openat(AT_FDCWD</tmp/fsearch-publication-20261004>, "/lib/x86_64-linux-gnu/libpng16.so.16", O_RDONLY|O_CLOEXEC) = 3</usr/lib/x86_64-linux-gnu/libpng16.so.16.43.0>
86217 openat(AT_FDCWD</tmp/fsearch-publication-20261004>, "/lib/x86_64-linux-gnu/libbrotlidec.so.1", O_RDONLY|O_CLOEXEC) = 3</usr/lib/x86_64-linux-gnu/libbrotlidec.so.1.1.0>
86217 openat(AT_FDCWD</tmp/fsearch-publication-20261004>, "/lib/x86_64-linux-gnu/libbrotlicommon.so.1", O_RDONLY|O_CLOEXEC) = 3</usr/lib/x86_64-linux-gnu/libbrotlicommon.so.1.1.0>
86217 statfs("/sys/fs/selinux", {f_type=SYSFS_MAGIC, f_bsize=4096, f_blocks=0, f_bfree=0, f_bavail=0, f_files=0, f_ffree=0, f_fsid={val=[0xdff19c14, 0x4f8e434f]}, f_namelen=255, f_frsize=4096, f_flags=ST_VALID|ST_NOSUID|ST_NODEV|ST_NOEXEC|ST_NOATIME}) = 0
86217 statfs("/selinux", 0x7ffff5d12e20) = -1 ENOENT (No such file or directory)
86217 openat(AT_FDCWD</tmp/fsearch-publication-20261004>, "/proc/filesystems", O_RDONLY|O_CLOEXEC) = 3</proc/filesystems>
86217 openat(AT_FDCWD</tmp/fsearch-publication-20261004>, "/proc/mounts", O_RDONLY|O_CLOEXEC) = 3</proc/86217/mounts>
86217 access("/etc/selinux/config", F_OK) = -1 ENOENT (No such file or directory)
86217 openat(AT_FDCWD</tmp/fsearch-publication-20261004>, "/usr/lib/x86_64-linux-gnu/charset.alias", O_RDONLY) = -1 ENOENT (No such file or directory)
86217 openat(AT_FDCWD</tmp/fsearch-publication-20261004>, "/usr/lib/x86_64-linux-gnu/gconv/gconv-modules.cache", O_RDONLY|O_CLOEXEC) = 3</usr/lib/x86_64-linux-gnu/gconv/gconv-modules.cache>
86217 openat(AT_FDCWD</tmp/fsearch-publication-20261004>, "/tmp/fsearch-monitor-query-owned-xx_3fcmc", O_RDONLY|O_NOFOLLOW|O_CLOEXEC|O_DIRECTORY) = 3</tmp/fsearch-monitor-query-owned-xx_3fcmc>
86217 newfstatat(3</tmp/fsearch-monitor-query-owned-xx_3fcmc>, "query.sock", {st_mode=S_IFSOCK|0700, st_size=0, ...}, AT_SYMLINK_NOFOLLOW) = 0
86217 openat(AT_FDCWD</tmp/fsearch-publication-20261004>, "/dev/urandom", O_RDONLY|O_CLOEXEC) = 3</dev/urandom<char 1:9>>
86217 +++ exited with 0 +++
