86938 execve("/home/ecochran76/.local/share/fsearch/runtimes/eda902627bc96e626887b06f69f66bc3c43499e3/bin/fsearch-refresh-worker", ["/home/ecochran76/.local/share/fs"..., "--root", "/tmp/fsearch-move-race-owned-rl0"..., "--output", "/tmp/fsearch-move-race-owned-rl0"...], 0x7ffcc7c64570 /* 261 vars */) = 0
86938 openat(AT_FDCWD</tmp/fsearch-publication-20261004>, "/tmp/fsearch-publication-repair-build/src/tests/librefresh_fault_fixture.so", O_RDONLY|O_CLOEXEC) = 3</tmp/fsearch-publication-repair-build/src/tests/librefresh_fault_fixture.so>
86938 access("/etc/ld.so.preload", R_OK) = -1 ENOENT (No such file or directory)
86938 openat(AT_FDCWD</tmp/fsearch-publication-20261004>, "/etc/ld.so.cache", O_RDONLY|O_CLOEXEC) = 3</etc/ld.so.cache>
86938 openat(AT_FDCWD</tmp/fsearch-publication-20261004>, "/lib/x86_64-linux-gnu/libm.so.6", O_RDONLY|O_CLOEXEC) = 3</usr/lib/x86_64-linux-gnu/libm.so.6>
86938 openat(AT_FDCWD</tmp/fsearch-publication-20261004>, "/lib/x86_64-linux-gnu/libgio-2.0.so.0", O_RDONLY|O_CLOEXEC) = 3</usr/lib/x86_64-linux-gnu/libgio-2.0.so.0.8000.0>
86938 openat(AT_FDCWD</tmp/fsearch-publication-20261004>, "/lib/x86_64-linux-gnu/libgobject-2.0.so.0", O_RDONLY|O_CLOEXEC) = 3</usr/lib/x86_64-linux-gnu/libgobject-2.0.so.0.8000.0>
86938 openat(AT_FDCWD</tmp/fsearch-publication-20261004>, "/lib/x86_64-linux-gnu/libglib-2.0.so.0", O_RDONLY|O_CLOEXEC) = 3</usr/lib/x86_64-linux-gnu/libglib-2.0.so.0.8000.0>
86938 openat(AT_FDCWD</tmp/fsearch-publication-20261004>, "/lib/x86_64-linux-gnu/libpango-1.0.so.0", O_RDONLY|O_CLOEXEC) = 3</usr/lib/x86_64-linux-gnu/libpango-1.0.so.0.5200.1>
86938 openat(AT_FDCWD</tmp/fsearch-publication-20261004>, "/lib/x86_64-linux-gnu/libpcre2-8.so.0", O_RDONLY|O_CLOEXEC) = 3</usr/lib/x86_64-linux-gnu/libpcre2-8.so.0.11.2>
86938 openat(AT_FDCWD</tmp/fsearch-publication-20261004>, "/lib/x86_64-linux-gnu/libicuuc.so.74", O_RDONLY|O_CLOEXEC) = 3</usr/lib/x86_64-linux-gnu/libicuuc.so.74.2>
86938 openat(AT_FDCWD</tmp/fsearch-publication-20261004>, "/lib/x86_64-linux-gnu/libc.so.6", O_RDONLY|O_CLOEXEC) = 3</usr/lib/x86_64-linux-gnu/libc.so.6>
86938 openat(AT_FDCWD</tmp/fsearch-publication-20261004>, "/lib/x86_64-linux-gnu/libgmodule-2.0.so.0", O_RDONLY|O_CLOEXEC) = 3</usr/lib/x86_64-linux-gnu/libgmodule-2.0.so.0.8000.0>
86938 openat(AT_FDCWD</tmp/fsearch-publication-20261004>, "/lib/x86_64-linux-gnu/libz.so.1", O_RDONLY|O_CLOEXEC) = 3</usr/lib/x86_64-linux-gnu/libz.so.1.3>
86938 openat(AT_FDCWD</tmp/fsearch-publication-20261004>, "/lib/x86_64-linux-gnu/libmount.so.1", O_RDONLY|O_CLOEXEC) = 3</usr/lib/x86_64-linux-gnu/libmount.so.1.1.0>
86938 openat(AT_FDCWD</tmp/fsearch-publication-20261004>, "/lib/x86_64-linux-gnu/libselinux.so.1", O_RDONLY|O_CLOEXEC) = 3</usr/lib/x86_64-linux-gnu/libselinux.so.1>
86938 openat(AT_FDCWD</tmp/fsearch-publication-20261004>, "/lib/x86_64-linux-gnu/libffi.so.8", O_RDONLY|O_CLOEXEC) = 3</usr/lib/x86_64-linux-gnu/libffi.so.8.1.4>
86938 openat(AT_FDCWD</tmp/fsearch-publication-20261004>, "/lib/x86_64-linux-gnu/libfribidi.so.0", O_RDONLY|O_CLOEXEC) = 3</usr/lib/x86_64-linux-gnu/libfribidi.so.0.4.0>
86938 openat(AT_FDCWD</tmp/fsearch-publication-20261004>, "/lib/x86_64-linux-gnu/libthai.so.0", O_RDONLY|O_CLOEXEC) = 3</usr/lib/x86_64-linux-gnu/libthai.so.0.3.1>
86938 openat(AT_FDCWD</tmp/fsearch-publication-20261004>, "/lib/x86_64-linux-gnu/libharfbuzz.so.0", O_RDONLY|O_CLOEXEC) = 3</usr/lib/x86_64-linux-gnu/libharfbuzz.so.0.60830.0>
86938 openat(AT_FDCWD</tmp/fsearch-publication-20261004>, "/lib/x86_64-linux-gnu/libicudata.so.74", O_RDONLY|O_CLOEXEC) = 3</usr/lib/x86_64-linux-gnu/libicudata.so.74.2>
86938 openat(AT_FDCWD</tmp/fsearch-publication-20261004>, "/lib/x86_64-linux-gnu/libstdc++.so.6", O_RDONLY|O_CLOEXEC) = 3</usr/lib/x86_64-linux-gnu/libstdc++.so.6.0.33>
86938 openat(AT_FDCWD</tmp/fsearch-publication-20261004>, "/lib/x86_64-linux-gnu/libgcc_s.so.1", O_RDONLY|O_CLOEXEC) = 3</usr/lib/x86_64-linux-gnu/libgcc_s.so.1>
86938 openat(AT_FDCWD</tmp/fsearch-publication-20261004>, "/lib/x86_64-linux-gnu/libblkid.so.1", O_RDONLY|O_CLOEXEC) = 3</usr/lib/x86_64-linux-gnu/libblkid.so.1.1.0>
86938 openat(AT_FDCWD</tmp/fsearch-publication-20261004>, "/lib/x86_64-linux-gnu/libdatrie.so.1", O_RDONLY|O_CLOEXEC) = 3</usr/lib/x86_64-linux-gnu/libdatrie.so.1.4.0>
86938 openat(AT_FDCWD</tmp/fsearch-publication-20261004>, "/lib/x86_64-linux-gnu/libfreetype.so.6", O_RDONLY|O_CLOEXEC) = 3</usr/lib/x86_64-linux-gnu/libfreetype.so.6.20.1>
86938 openat(AT_FDCWD</tmp/fsearch-publication-20261004>, "/lib/x86_64-linux-gnu/libgraphite2.so.3", O_RDONLY|O_CLOEXEC) = 3</usr/lib/x86_64-linux-gnu/libgraphite2.so.3.2.1>
86938 openat(AT_FDCWD</tmp/fsearch-publication-20261004>, "/lib/x86_64-linux-gnu/libbz2.so.1.0", O_RDONLY|O_CLOEXEC) = 3</usr/lib/x86_64-linux-gnu/libbz2.so.1.0.4>
86938 openat(AT_FDCWD</tmp/fsearch-publication-20261004>, "/lib/x86_64-linux-gnu/libpng16.so.16", O_RDONLY|O_CLOEXEC) = 3</usr/lib/x86_64-linux-gnu/libpng16.so.16.43.0>
86938 openat(AT_FDCWD</tmp/fsearch-publication-20261004>, "/lib/x86_64-linux-gnu/libbrotlidec.so.1", O_RDONLY|O_CLOEXEC) = 3</usr/lib/x86_64-linux-gnu/libbrotlidec.so.1.1.0>
86938 openat(AT_FDCWD</tmp/fsearch-publication-20261004>, "/lib/x86_64-linux-gnu/libbrotlicommon.so.1", O_RDONLY|O_CLOEXEC) = 3</usr/lib/x86_64-linux-gnu/libbrotlicommon.so.1.1.0>
86938 statfs("/sys/fs/selinux", {f_type=SYSFS_MAGIC, f_bsize=4096, f_blocks=0, f_bfree=0, f_bavail=0, f_files=0, f_ffree=0, f_fsid={val=[0xdff19c14, 0x4f8e434f]}, f_namelen=255, f_frsize=4096, f_flags=ST_VALID|ST_NOSUID|ST_NODEV|ST_NOEXEC|ST_NOATIME}) = 0
86938 statfs("/selinux", 0x7ffcdf12ef60) = -1 ENOENT (No such file or directory)
86938 openat(AT_FDCWD</tmp/fsearch-publication-20261004>, "/proc/filesystems", O_RDONLY|O_CLOEXEC) = 3</proc/filesystems>
86938 openat(AT_FDCWD</tmp/fsearch-publication-20261004>, "/proc/mounts", O_RDONLY|O_CLOEXEC) = 3</proc/86938/mounts>
86938 access("/etc/selinux/config", F_OK) = -1 ENOENT (No such file or directory)
86938 openat2(AT_FDCWD</tmp/fsearch-publication-20261004>, "/tmp/fsearch-move-race-owned-rl0b2tp0/approved", {flags=O_RDONLY|O_CLOEXEC|O_PATH|O_DIRECTORY, resolve=RESOLVE_NO_SYMLINKS}, 24) = 3</tmp/fsearch-move-race-owned-rl0b2tp0/approved>
86938 openat(AT_FDCWD</tmp/fsearch-publication-20261004>, "/tmp/fsearch-move-race-owned-rl0b2tp0/stage", O_RDONLY|O_NOFOLLOW|O_CLOEXEC|O_PATH|O_DIRECTORY) = 4</tmp/fsearch-move-race-owned-rl0b2tp0/stage>
86938 openat2(3</tmp/fsearch-move-race-owned-rl0b2tp0/approved>, ".", {flags=O_RDONLY|O_CLOEXEC|O_DIRECTORY, resolve=RESOLVE_NO_XDEV|RESOLVE_NO_SYMLINKS|RESOLVE_BENEATH}, 24) = 7</tmp/fsearch-move-race-owned-rl0b2tp0/approved>
86938 getdents64(7</tmp/fsearch-move-race-owned-rl0b2tp0/approved>, 0x58100bb189e0 /* 3 entries */, 32768) = 80
86938 openat2(3</tmp/fsearch-move-race-owned-rl0b2tp0/approved>, "nested", {flags=O_RDONLY|O_CLOEXEC|O_PATH, resolve=RESOLVE_NO_XDEV|RESOLVE_NO_SYMLINKS|RESOLVE_BENEATH}, 24) = 4</tmp/fsearch-move-race-owned-rl0b2tp0/approved/nested>
86938 openat2(3</tmp/fsearch-move-race-owned-rl0b2tp0/approved>, "nested", {flags=O_RDONLY|O_CLOEXEC|O_DIRECTORY, resolve=RESOLVE_NO_XDEV|RESOLVE_NO_SYMLINKS|RESOLVE_BENEATH}, 24) = 8</tmp/fsearch-move-race-owned-rl0b2tp0/approved/nested>
86938 getdents64(8</tmp/fsearch-move-race-owned-rl0b2tp0/approved/nested>, 0x58100bb20a50 /* 3 entries */, 32768) = 88
86938 openat2(3</tmp/fsearch-move-race-owned-rl0b2tp0/approved>, "nested/race-probe.pdf", {flags=O_RDONLY|O_CLOEXEC|O_PATH, resolve=RESOLVE_NO_XDEV|RESOLVE_NO_SYMLINKS|RESOLVE_BENEATH}, 24) = -1 ENOENT (No such file or directory)
86938 +++ exited with 4 +++
