74309 execve("/tmp/fsearch-warm-release-build/src/fsearch-cli", ["/tmp/fsearch-warm-release-build/"..., "--database", "/tmp/fsearch-candidate-parity-93"..., "--query", "stra\303\237e", "--kind", "all"], 0x7ffed3995e28 /* 258 vars */) = 0
74309 access("/etc/ld.so.preload", R_OK) = -1 ENOENT (No such file or directory)
74309 openat(AT_FDCWD, "/etc/ld.so.cache", O_RDONLY|O_CLOEXEC) = 3
74309 openat(AT_FDCWD, "/lib/x86_64-linux-gnu/libm.so.6", O_RDONLY|O_CLOEXEC) = 3
74309 openat(AT_FDCWD, "/lib/x86_64-linux-gnu/libgio-2.0.so.0", O_RDONLY|O_CLOEXEC) = 3
74309 openat(AT_FDCWD, "/lib/x86_64-linux-gnu/libgobject-2.0.so.0", O_RDONLY|O_CLOEXEC) = 3
74309 openat(AT_FDCWD, "/lib/x86_64-linux-gnu/libglib-2.0.so.0", O_RDONLY|O_CLOEXEC) = 3
74309 openat(AT_FDCWD, "/lib/x86_64-linux-gnu/libpango-1.0.so.0", O_RDONLY|O_CLOEXEC) = 3
74309 openat(AT_FDCWD, "/lib/x86_64-linux-gnu/libpcre2-8.so.0", O_RDONLY|O_CLOEXEC) = 3
74309 openat(AT_FDCWD, "/lib/x86_64-linux-gnu/libicuuc.so.74", O_RDONLY|O_CLOEXEC) = 3
74309 openat(AT_FDCWD, "/lib/x86_64-linux-gnu/libc.so.6", O_RDONLY|O_CLOEXEC) = 3
74309 openat(AT_FDCWD, "/lib/x86_64-linux-gnu/libgmodule-2.0.so.0", O_RDONLY|O_CLOEXEC) = 3
74309 openat(AT_FDCWD, "/lib/x86_64-linux-gnu/libz.so.1", O_RDONLY|O_CLOEXEC) = 3
74309 openat(AT_FDCWD, "/lib/x86_64-linux-gnu/libmount.so.1", O_RDONLY|O_CLOEXEC) = 3
74309 openat(AT_FDCWD, "/lib/x86_64-linux-gnu/libselinux.so.1", O_RDONLY|O_CLOEXEC) = 3
74309 openat(AT_FDCWD, "/lib/x86_64-linux-gnu/libffi.so.8", O_RDONLY|O_CLOEXEC) = 3
74309 openat(AT_FDCWD, "/lib/x86_64-linux-gnu/libfribidi.so.0", O_RDONLY|O_CLOEXEC) = 3
74309 openat(AT_FDCWD, "/lib/x86_64-linux-gnu/libthai.so.0", O_RDONLY|O_CLOEXEC) = 3
74309 openat(AT_FDCWD, "/lib/x86_64-linux-gnu/libharfbuzz.so.0", O_RDONLY|O_CLOEXEC) = 3
74309 openat(AT_FDCWD, "/lib/x86_64-linux-gnu/libicudata.so.74", O_RDONLY|O_CLOEXEC) = 3
74309 openat(AT_FDCWD, "/lib/x86_64-linux-gnu/libstdc++.so.6", O_RDONLY|O_CLOEXEC) = 3
74309 openat(AT_FDCWD, "/lib/x86_64-linux-gnu/libgcc_s.so.1", O_RDONLY|O_CLOEXEC) = 3
74309 openat(AT_FDCWD, "/lib/x86_64-linux-gnu/libblkid.so.1", O_RDONLY|O_CLOEXEC) = 3
74309 openat(AT_FDCWD, "/lib/x86_64-linux-gnu/libdatrie.so.1", O_RDONLY|O_CLOEXEC) = 3
74309 openat(AT_FDCWD, "/lib/x86_64-linux-gnu/libfreetype.so.6", O_RDONLY|O_CLOEXEC) = 3
74309 openat(AT_FDCWD, "/lib/x86_64-linux-gnu/libgraphite2.so.3", O_RDONLY|O_CLOEXEC) = 3
74309 openat(AT_FDCWD, "/lib/x86_64-linux-gnu/libbz2.so.1.0", O_RDONLY|O_CLOEXEC) = 3
74309 openat(AT_FDCWD, "/lib/x86_64-linux-gnu/libpng16.so.16", O_RDONLY|O_CLOEXEC) = 3
74309 openat(AT_FDCWD, "/lib/x86_64-linux-gnu/libbrotlidec.so.1", O_RDONLY|O_CLOEXEC) = 3
74309 openat(AT_FDCWD, "/lib/x86_64-linux-gnu/libbrotlicommon.so.1", O_RDONLY|O_CLOEXEC) = 3
74309 statfs("/sys/fs/selinux", {f_type=SYSFS_MAGIC, f_bsize=4096, f_blocks=0, f_bfree=0, f_bavail=0, f_files=0, f_ffree=0, f_fsid={val=[0xdff19c14, 0x4f8e434f]}, f_namelen=255, f_frsize=4096, f_flags=ST_VALID|ST_NOSUID|ST_NODEV|ST_NOEXEC|ST_NOATIME}) = 0
74309 statfs("/selinux", 0x7ffefc5db890) = -1 ENOENT (No such file or directory)
74309 openat(AT_FDCWD, "/proc/filesystems", O_RDONLY|O_CLOEXEC) = 3
74309 openat(AT_FDCWD, "/proc/mounts", O_RDONLY|O_CLOEXEC) = 3
74309 access("/etc/selinux/config", F_OK) = -1 ENOENT (No such file or directory)
74309 openat(AT_FDCWD, "/usr/lib/x86_64-linux-gnu/charset.alias", O_RDONLY) = -1 ENOENT (No such file or directory)
74309 openat(AT_FDCWD, "/usr/lib/x86_64-linux-gnu/gconv/gconv-modules.cache", O_RDONLY|O_CLOEXEC) = 3
74310 openat(AT_FDCWD, "/tmp/fsearch-candidate-parity-93q37cft/ordinary.db", O_RDONLY|O_NONBLOCK|O_NOFOLLOW|O_CLOEXEC) = 2
74310 +++ exited with 0 +++
74309 --- SIGCHLD {si_signo=SIGCHLD, si_code=CLD_EXITED, si_pid=74310, si_uid=1000, si_status=0, si_utime=16 /* 0.16 s */, si_stime=14 /* 0.14 s */} ---
74309 +++ exited with 0 +++
